@	line:1	column:9
32.	line:1	column:25
.	line:2	column:6
